
> angular@0.0.0 start
> ng serve --host 0.0.0.0  --no-hmr --disable-host-check --port 3000

Warning: Running a server with --disable-host-check is a security risk. See https://medium.com/webpack/webpack-dev-server-middleware-security-issues-1489d950874a for more information.
The "disableHostCheck" option will not be used because it is not supported by the "@angular-devkit/build-angular:application" builder.
❯ Building...
✔ Building...
Browser bundles     
Initial chunk files  | Names            |  Raw size
polyfills.js         | polyfills        |  90.20 kB | 
main.js              | main             |  22.59 kB | 
styles.css           | styles           |  95 bytes | 

                     | Initial total    | 112.88 kB


Server bundles      
Initial chunk files  | Names            |  Raw size
polyfills.server.mjs | polyfills.server | 572.91 kB | 
chunk-6XEG6CM6.mjs   | -                |  23.02 kB | 
server.mjs           | server           |   1.39 kB | 
main.server.mjs      | main.server      | 800 bytes | 

Application bundle generation complete. [10.886 seconds]

Watch mode enabled. Watching for file changes...
NOTE: Raw file sizes do not reflect development server per-request transformations.
  ➜  Local:   http://localhost:3000/
  ➜  Network: http://172.17.0.2:3000/
❯ Changes detected. Rebuilding...
✔ Changes detected. Rebuilding...
Application bundle generation failed. [2.106 seconds]

▲ [WARNING] TS-998113: All imports are unused [plugin angular-compiler]

    src/app/app.component.ts:6:2:
      6 │   imports: [RouterOutlet],
        ╵   ~~~~~~~


✘ [ERROR] NG8001: 'jobmatchpro-main-container' is not a known element:
1. If 'jobmatchpro-main-container' is an Angular component, then verify that it is included in the '@Component.imports' of this component.
2. If 'jobmatchpro-main-container' is a Web Component then add 'CUSTOM_ELEMENTS_SCHEMA' to the '@Component.schemas' of this component to suppress this message. [plugin angular-compiler]

    src/app/app.component.html:336:0:
      336 │ <jobmatchpro-main-container></jobmatchpro-main-container>
          ╵ ~~~~~~~~~~~~~~~~~~~~~~~~~~~~

  Error occurs in the template of component AppComponent.

    src/app/app.component.ts:7:15:
      7 │   templateUrl: './app.component.html',
        ╵                ~~~~~~~~~~~~~~~~~~~~~~


❯ Changes detected. Rebuilding...
✔ Changes detected. Rebuilding...
Application bundle generation failed. [2.532 seconds]

▲ [WARNING] TS-998113: All imports are unused [plugin angular-compiler]

    src/app/app.component.ts:6:2:
      6 │   imports: [RouterOutlet],
        ╵   ~~~~~~~


▲ [WARNING] NG8103: The `*ngIf` directive was used in the template, but neither the `NgIf` directive nor the `CommonModule` was imported. Use Angular's built-in control flow @if or make sure that either the `NgIf` directive or the `CommonModule` is included in the `@Component.imports` array of this component. [plugin angular-compiler]

    src/app/job-list/job-list.component.html:3:17:
      3 │   <ng-container *ngIf="jobs.length; else noJobs">
        ╵                  ~~~~

  Error occurs in the template of component JobListComponent.

    src/app/job-list/job-list.component.ts:6:15:
      6 │   templateUrl: './job-list.component.html',
        ╵                ~~~~~~~~~~~~~~~~~~~~~~~~~~~


▲ [WARNING] NG8103: The `*ngFor` directive was used in the template, but neither the `NgFor` directive nor the `CommonModule` was imported. Use Angular's built-in control flow @for or make sure that either the `NgFor` directive or the `CommonModule` is included in the `@Component.imports` array of this component. [plugin angular-compiler]

    src/app/job-list/job-list.component.html:4:27:
      4 │     <div class="job-card" *ngFor="let job of jobs">
        ╵                            ~~~~~

  Error occurs in the template of component JobListComponent.

    src/app/job-list/job-list.component.ts:6:15:
      6 │   templateUrl: './job-list.component.html',
        ╵                ~~~~~~~~~~~~~~~~~~~~~~~~~~~


▲ [WARNING] NG8103: The `*ngFor` directive was used in the template, but neither the `NgFor` directive nor the `CommonModule` was imported. Use Angular's built-in control flow @for or make sure that either the `NgFor` directive or the `CommonModule` is included in the `@Component.imports` array of this component. [plugin angular-compiler]

    src/app/recommended-skills/recommended-skills.component.html:4:24:
      4 │     <span class="chip" *ngFor="let skill of skills">
        ╵                         ~~~~~

  Error occurs in the template of component RecommendedSkillsComponent.

    src/app/recommended-skills/recommended-skills.component.ts:6:15:
      6 │   templateUrl: './recommended-skills.component.html',
        ╵                ~~~~~~~~~~~~~~~~~~~~~~~~~~~~~~~~~~~~~


✘ [ERROR] NG8001: 'jobmatchpro-main-container' is not a known element:
1. If 'jobmatchpro-main-container' is an Angular component, then verify that it is included in the '@Component.imports' of this component.
2. If 'jobmatchpro-main-container' is a Web Component then add 'CUSTOM_ELEMENTS_SCHEMA' to the '@Component.schemas' of this component to suppress this message. [plugin angular-compiler]

    src/app/app.component.html:336:0:
      336 │ <jobmatchpro-main-container></jobmatchpro-main-container>
          ╵ ~~~~~~~~~~~~~~~~~~~~~~~~~~~~

  Error occurs in the template of component AppComponent.

    src/app/app.component.ts:7:15:
      7 │   templateUrl: './app.component.html',
        ╵                ~~~~~~~~~~~~~~~~~~~~~~


✘ [ERROR] Could not resolve "./profile/profile.component"

    src/app/app.routes.ts:9:59:
      9 │ ...ent: () => import('./profile/profile.component').then(m => m.Pro...
        ╵                      ~~~~~~~~~~~~~~~~~~~~~~~~~~~~~


✘ [ERROR] TS2307: Cannot find module './profile/profile.component' or its corresponding type declarations. [plugin angular-compiler]

    src/app/app.routes.ts:11:53:
      11 │ ...nt: () => import('./profile/profile.component').then(m => m.Pro...
         ╵                     ~~~~~~~~~~~~~~~~~~~~~~~~~~~~~


✘ [ERROR] NG8001: 'app-global-notifications' is not a known element:
1. If 'app-global-notifications' is an Angular component, then verify that it is included in the '@Component.imports' of this component.
2. If 'app-global-notifications' is a Web Component then add 'CUSTOM_ELEMENTS_SCHEMA' to the '@Component.schemas' of this component to suppress this message. [plugin angular-compiler]

    src/app/main-container/main-container.component.html:2:2:
      2 │   <app-global-notifications
        ╵   ~~~~~~~~~~~~~~~~~~~~~~~~~

  Error occurs in the template of component MainContainerComponent.

    src/app/main-container/main-container.component.ts:6:15:
      6 │   templateUrl: './main-container.component.html',
        ╵                ~~~~~~~~~~~~~~~~~~~~~~~~~~~~~~~~~


✘ [ERROR] NG8002: Can't bind to 'notification' since it isn't a known property of 'app-global-notifications'.
1. If 'app-global-notifications' is an Angular component and it has 'notification' input, then verify that it is included in the '@Component.imports' of this component.
2. If 'app-global-notifications' is a Web Component then add 'CUSTOM_ELEMENTS_SCHEMA' to the '@Component.schemas' of this component to suppress this message.
3. To allow any property add 'NO_ERRORS_SCHEMA' to the '@Component.schemas' of this component. [plugin angular-compiler]

    src/app/main-container/main-container.component.html:3:4:
      3 │     [notification]="notification"
        ╵     ~~~~~~~~~~~~~~~~~~~~~~~~~~~~~

  Error occurs in the template of component MainContainerComponent.

    src/app/main-container/main-container.component.ts:6:15:
      6 │   templateUrl: './main-container.component.html',
        ╵                ~~~~~~~~~~~~~~~~~~~~~~~~~~~~~~~~~


✘ [ERROR] NG8002: Can't bind to 'errorMessage' since it isn't a known property of 'app-global-notifications'.
1. If 'app-global-notifications' is an Angular component and it has 'errorMessage' input, then verify that it is included in the '@Component.imports' of this component.
2. If 'app-global-notifications' is a Web Component then add 'CUSTOM_ELEMENTS_SCHEMA' to the '@Component.schemas' of this component to suppress this message.
3. To allow any property add 'NO_ERRORS_SCHEMA' to the '@Component.schemas' of this component. [plugin angular-compiler]

    src/app/main-container/main-container.component.html:4:4:
      4 │     [errorMessage]="errorMessage"
        ╵     ~~~~~~~~~~~~~~~~~~~~~~~~~~~~~

  Error occurs in the template of component MainContainerComponent.

    src/app/main-container/main-container.component.ts:6:15:
      6 │   templateUrl: './main-container.component.html',
        ╵                ~~~~~~~~~~~~~~~~~~~~~~~~~~~~~~~~~


✘ [ERROR] NG8001: 'app-search-bar' is not a known element:
1. If 'app-search-bar' is an Angular component, then verify that it is included in the '@Component.imports' of this component.
2. If 'app-search-bar' is a Web Component then add 'CUSTOM_ELEMENTS_SCHEMA' to the '@Component.schemas' of this component to suppress this message. [plugin angular-compiler]

    src/app/main-container/main-container.component.html:8:2:
      8 │   <app-search-bar (search)="notify('Searching for: ' + $event)"></a...
        ╵   ~~~~~~~~~~~~~~~~~~~~~~~~~~~~~~~~~~~~~~~~~~~~~~~~~~~~~~~~~~~~~~

  Error occurs in the template of component MainContainerComponent.

    src/app/main-container/main-container.component.ts:6:15:
      6 │   templateUrl: './main-container.component.html',
        ╵                ~~~~~~~~~~~~~~~~~~~~~~~~~~~~~~~~~


✘ [ERROR] NG8001: 'app-filter-sidebar' is not a known element:
1. If 'app-filter-sidebar' is an Angular component, then verify that it is included in the '@Component.imports' of this component.
2. If 'app-filter-sidebar' is a Web Component then add 'CUSTOM_ELEMENTS_SCHEMA' to the '@Component.schemas' of this component to suppress this message. [plugin angular-compiler]

    src/app/main-container/main-container.component.html:13:6:
      13 │       <app-filter-sidebar></app-filter-sidebar>
         ╵       ~~~~~~~~~~~~~~~~~~~~

  Error occurs in the template of component MainContainerComponent.

    src/app/main-container/main-container.component.ts:6:15:
      6 │   templateUrl: './main-container.component.html',
        ╵                ~~~~~~~~~~~~~~~~~~~~~~~~~~~~~~~~~


✘ [ERROR] NG8001: 'router-outlet' is not a known element:
1. If 'router-outlet' is an Angular component, then verify that it is included in the '@Component.imports' of this component.
2. If 'router-outlet' is a Web Component then add 'CUSTOM_ELEMENTS_SCHEMA' to the '@Component.schemas' of this component to suppress this message. [plugin angular-compiler]

    src/app/main-container/main-container.component.html:18:6:
      18 │       <router-outlet></router-outlet>
         ╵       ~~~~~~~~~~~~~~~

  Error occurs in the template of component MainContainerComponent.

    src/app/main-container/main-container.component.ts:6:15:
      6 │   templateUrl: './main-container.component.html',
        ╵                ~~~~~~~~~~~~~~~~~~~~~~~~~~~~~~~~~


✘ [ERROR] NG8001: 'app-job-list' is not a known element:
1. If 'app-job-list' is an Angular component, then verify that it is included in the '@Component.imports' of this component.
2. If 'app-job-list' is a Web Component then add 'CUSTOM_ELEMENTS_SCHEMA' to the '@Component.schemas' of this component to suppress this message. [plugin angular-compiler]

    src/app/main-container/main-container.component.html:19:6:
      19 │       <app-job-list></app-job-list>
         ╵       ~~~~~~~~~~~~~~

  Error occurs in the template of component MainContainerComponent.

    src/app/main-container/main-container.component.ts:6:15:
      6 │   templateUrl: './main-container.component.html',
        ╵                ~~~~~~~~~~~~~~~~~~~~~~~~~~~~~~~~~


✘ [ERROR] NG8001: 'app-recommended-skills' is not a known element:
1. If 'app-recommended-skills' is an Angular component, then verify that it is included in the '@Component.imports' of this component.
2. If 'app-recommended-skills' is a Web Component then add 'CUSTOM_ELEMENTS_SCHEMA' to the '@Component.schemas' of this component to suppress this message. [plugin angular-compiler]

    src/app/main-container/main-container.component.html:24:6:
      24 │       <app-recommended-skills></app-recommended-skills>
         ╵       ~~~~~~~~~~~~~~~~~~~~~~~~

  Error occurs in the template of component MainContainerComponent.

    src/app/main-container/main-container.component.ts:6:15:
      6 │   templateUrl: './main-container.component.html',
        ╵                ~~~~~~~~~~~~~~~~~~~~~~~~~~~~~~~~~


✘ [ERROR] Could not resolve "./profile/profile.component"

    src/app/app.routes.ts:9:59:
      9 │ ...ent: () => import('./profile/profile.component').then(m => m.Pro...
        ╵                      ~~~~~~~~~~~~~~~~~~~~~~~~~~~~~


❯ Changes detected. Rebuilding...
✔ Changes detected. Rebuilding...
Application bundle generation failed. [2.296 seconds]

▲ [WARNING] TS-998113: All imports are unused [plugin angular-compiler]

    src/app/app.component.ts:6:2:
      6 │   imports: [RouterOutlet],
        ╵   ~~~~~~~


▲ [WARNING] NG8103: The `*ngIf` directive was used in the template, but neither the `NgIf` directive nor the `CommonModule` was imported. Use Angular's built-in control flow @if or make sure that either the `NgIf` directive or the `CommonModule` is included in the `@Component.imports` array of this component. [plugin angular-compiler]

    src/app/global-notifications/global-notifications.component.html:1:34:
      1 │ <div class="notification-banner" *ngIf="notification">
        ╵                                   ~~~~

  Error occurs in the template of component GlobalNotificationsComponent.

    src/app/global-notifications/global-notifications.component.ts:6:15:
      6 │   templateUrl: './global-notifications.component.html',
        ╵                ~~~~~~~~~~~~~~~~~~~~~~~~~~~~~~~~~~~~~~~


▲ [WARNING] NG8103: The `*ngIf` directive was used in the template, but neither the `NgIf` directive nor the `CommonModule` was imported. Use Angular's built-in control flow @if or make sure that either the `NgIf` directive or the `CommonModule` is included in the `@Component.imports` array of this component. [plugin angular-compiler]

    src/app/global-notifications/global-notifications.component.html:4:27:
      4 │ <div class="error-banner" *ngIf="errorMessage">
        ╵                            ~~~~

  Error occurs in the template of component GlobalNotificationsComponent.

    src/app/global-notifications/global-notifications.component.ts:6:15:
      6 │   templateUrl: './global-notifications.component.html',
        ╵                ~~~~~~~~~~~~~~~~~~~~~~~~~~~~~~~~~~~~~~~


▲ [WARNING] NG8103: The `*ngIf` directive was used in the template, but neither the `NgIf` directive nor the `CommonModule` was imported. Use Angular's built-in control flow @if or make sure that either the `NgIf` directive or the `CommonModule` is included in the `@Component.imports` array of this component. [plugin angular-compiler]

    src/app/job-list/job-list.component.html:3:17:
      3 │   <ng-container *ngIf="jobs.length; else noJobs">
        ╵                  ~~~~

  Error occurs in the template of component JobListComponent.

    src/app/job-list/job-list.component.ts:6:15:
      6 │   templateUrl: './job-list.component.html',
        ╵                ~~~~~~~~~~~~~~~~~~~~~~~~~~~


▲ [WARNING] NG8103: The `*ngFor` directive was used in the template, but neither the `NgFor` directive nor the `CommonModule` was imported. Use Angular's built-in control flow @for or make sure that either the `NgFor` directive or the `CommonModule` is included in the `@Component.imports` array of this component. [plugin angular-compiler]

    src/app/job-list/job-list.component.html:4:27:
      4 │     <div class="job-card" *ngFor="let job of jobs">
        ╵                            ~~~~~

  Error occurs in the template of component JobListComponent.

    src/app/job-list/job-list.component.ts:6:15:
      6 │   templateUrl: './job-list.component.html',
        ╵                ~~~~~~~~~~~~~~~~~~~~~~~~~~~


▲ [WARNING] NG8103: The `*ngFor` directive was used in the template, but neither the `NgFor` directive nor the `CommonModule` was imported. Use Angular's built-in control flow @for or make sure that either the `NgFor` directive or the `CommonModule` is included in the `@Component.imports` array of this component. [plugin angular-compiler]

    src/app/recommended-skills/recommended-skills.component.html:4:24:
      4 │     <span class="chip" *ngFor="let skill of skills">
        ╵                         ~~~~~

  Error occurs in the template of component RecommendedSkillsComponent.

    src/app/recommended-skills/recommended-skills.component.ts:6:15:
      6 │   templateUrl: './recommended-skills.component.html',
        ╵                ~~~~~~~~~~~~~~~~~~~~~~~~~~~~~~~~~~~~~


✘ [ERROR] NG8001: 'jobmatchpro-main-container' is not a known element:
1. If 'jobmatchpro-main-container' is an Angular component, then verify that it is included in the '@Component.imports' of this component.
2. If 'jobmatchpro-main-container' is a Web Component then add 'CUSTOM_ELEMENTS_SCHEMA' to the '@Component.schemas' of this component to suppress this message. [plugin angular-compiler]

    src/app/app.component.html:336:0:
      336 │ <jobmatchpro-main-container></jobmatchpro-main-container>
          ╵ ~~~~~~~~~~~~~~~~~~~~~~~~~~~~

  Error occurs in the template of component AppComponent.

    src/app/app.component.ts:7:15:
      7 │   templateUrl: './app.component.html',
        ╵                ~~~~~~~~~~~~~~~~~~~~~~


✘ [ERROR] Could not resolve "./profile/profile.component"

    src/app/app.routes.ts:9:59:
      9 │ ...ent: () => import('./profile/profile.component').then(m => m.Pro...
        ╵                      ~~~~~~~~~~~~~~~~~~~~~~~~~~~~~


✘ [ERROR] TS2307: Cannot find module './profile/profile.component' or its corresponding type declarations. [plugin angular-compiler]

    src/app/app.routes.ts:11:53:
      11 │ ...nt: () => import('./profile/profile.component').then(m => m.Pro...
         ╵                     ~~~~~~~~~~~~~~~~~~~~~~~~~~~~~


✘ [ERROR] NG8002: Can't bind to 'ngModel' since it isn't a known property of 'input'. [plugin angular-compiler]

    src/app/search-bar/search-bar.component.html:4:4:
      4 │     [(ngModel)]="searchValue"
        ╵     ~~~~~~~~~~~~~~~~~~~~~~~~~

  Error occurs in the template of component SearchBarComponent.

    src/app/search-bar/search-bar.component.ts:6:15:
      6 │   templateUrl: './search-bar.component.html',
        ╵                ~~~~~~~~~~~~~~~~~~~~~~~~~~~~~


❯ Changes detected. Rebuilding...
✔ Changes detected. Rebuilding...
Application bundle generation failed. [0.005 seconds]

▲ [WARNING] TS-998113: All imports are unused [plugin angular-compiler]

    src/app/app.component.ts:6:2:
      6 │   imports: [RouterOutlet],
        ╵   ~~~~~~~


▲ [WARNING] NG8103: The `*ngIf` directive was used in the template, but neither the `NgIf` directive nor the `CommonModule` was imported. Use Angular's built-in control flow @if or make sure that either the `NgIf` directive or the `CommonModule` is included in the `@Component.imports` array of this component. [plugin angular-compiler]

    src/app/global-notifications/global-notifications.component.html:1:34:
      1 │ <div class="notification-banner" *ngIf="notification">
        ╵                                   ~~~~

  Error occurs in the template of component GlobalNotificationsComponent.

    src/app/global-notifications/global-notifications.component.ts:6:15:
      6 │   templateUrl: './global-notifications.component.html',
        ╵                ~~~~~~~~~~~~~~~~~~~~~~~~~~~~~~~~~~~~~~~


▲ [WARNING] NG8103: The `*ngIf` directive was used in the template, but neither the `NgIf` directive nor the `CommonModule` was imported. Use Angular's built-in control flow @if or make sure that either the `NgIf` directive or the `CommonModule` is included in the `@Component.imports` array of this component. [plugin angular-compiler]

    src/app/global-notifications/global-notifications.component.html:4:27:
      4 │ <div class="error-banner" *ngIf="errorMessage">
        ╵                            ~~~~

  Error occurs in the template of component GlobalNotificationsComponent.

    src/app/global-notifications/global-notifications.component.ts:6:15:
      6 │   templateUrl: './global-notifications.component.html',
        ╵                ~~~~~~~~~~~~~~~~~~~~~~~~~~~~~~~~~~~~~~~


▲ [WARNING] NG8103: The `*ngIf` directive was used in the template, but neither the `NgIf` directive nor the `CommonModule` was imported. Use Angular's built-in control flow @if or make sure that either the `NgIf` directive or the `CommonModule` is included in the `@Component.imports` array of this component. [plugin angular-compiler]

    src/app/job-list/job-list.component.html:3:17:
      3 │   <ng-container *ngIf="jobs.length; else noJobs">
        ╵                  ~~~~

  Error occurs in the template of component JobListComponent.

    src/app/job-list/job-list.component.ts:6:15:
      6 │   templateUrl: './job-list.component.html',
        ╵                ~~~~~~~~~~~~~~~~~~~~~~~~~~~


▲ [WARNING] NG8103: The `*ngFor` directive was used in the template, but neither the `NgFor` directive nor the `CommonModule` was imported. Use Angular's built-in control flow @for or make sure that either the `NgFor` directive or the `CommonModule` is included in the `@Component.imports` array of this component. [plugin angular-compiler]

    src/app/job-list/job-list.component.html:4:27:
      4 │     <div class="job-card" *ngFor="let job of jobs">
        ╵                            ~~~~~

  Error occurs in the template of component JobListComponent.

    src/app/job-list/job-list.component.ts:6:15:
      6 │   templateUrl: './job-list.component.html',
        ╵                ~~~~~~~~~~~~~~~~~~~~~~~~~~~


▲ [WARNING] NG8103: The `*ngFor` directive was used in the template, but neither the `NgFor` directive nor the `CommonModule` was imported. Use Angular's built-in control flow @for or make sure that either the `NgFor` directive or the `CommonModule` is included in the `@Component.imports` array of this component. [plugin angular-compiler]

    src/app/recommended-skills/recommended-skills.component.html:4:24:
      4 │     <span class="chip" *ngFor="let skill of skills">
        ╵                         ~~~~~

  Error occurs in the template of component RecommendedSkillsComponent.

    src/app/recommended-skills/recommended-skills.component.ts:6:15:
      6 │   templateUrl: './recommended-skills.component.html',
        ╵                ~~~~~~~~~~~~~~~~~~~~~~~~~~~~~~~~~~~~~


✘ [ERROR] NG8001: 'jobmatchpro-main-container' is not a known element:
1. If 'jobmatchpro-main-container' is an Angular component, then verify that it is included in the '@Component.imports' of this component.
2. If 'jobmatchpro-main-container' is a Web Component then add 'CUSTOM_ELEMENTS_SCHEMA' to the '@Component.schemas' of this component to suppress this message. [plugin angular-compiler]

    src/app/app.component.html:336:0:
      336 │ <jobmatchpro-main-container></jobmatchpro-main-container>
          ╵ ~~~~~~~~~~~~~~~~~~~~~~~~~~~~

  Error occurs in the template of component AppComponent.

    src/app/app.component.ts:7:15:
      7 │   templateUrl: './app.component.html',
        ╵                ~~~~~~~~~~~~~~~~~~~~~~


✘ [ERROR] Could not resolve "./profile/profile.component"

    src/app/app.routes.ts:9:59:
      9 │ ...ent: () => import('./profile/profile.component').then(m => m.Pro...
        ╵                      ~~~~~~~~~~~~~~~~~~~~~~~~~~~~~


✘ [ERROR] TS2307: Cannot find module './profile/profile.component' or its corresponding type declarations. [plugin angular-compiler]

    src/app/app.routes.ts:11:53:
      11 │ ...nt: () => import('./profile/profile.component').then(m => m.Pro...
         ╵                     ~~~~~~~~~~~~~~~~~~~~~~~~~~~~~


✘ [ERROR] NG8002: Can't bind to 'ngModel' since it isn't a known property of 'input'. [plugin angular-compiler]

    src/app/search-bar/search-bar.component.html:4:4:
      4 │     [(ngModel)]="searchValue"
        ╵     ~~~~~~~~~~~~~~~~~~~~~~~~~

  Error occurs in the template of component SearchBarComponent.

    src/app/search-bar/search-bar.component.ts:6:15:
      6 │   templateUrl: './search-bar.component.html',
        ╵                ~~~~~~~~~~~~~~~~~~~~~~~~~~~~~


❯ Changes detected. Rebuilding...
✔ Changes detected. Rebuilding...
Application bundle generation failed. [4.425 seconds]

▲ [WARNING] TS-998113: All imports are unused [plugin angular-compiler]

    src/app/app.component.ts:6:2:
      6 │   imports: [RouterOutlet],
        ╵   ~~~~~~~


▲ [WARNING] NG8103: The `*ngIf` directive was used in the template, but neither the `NgIf` directive nor the `CommonModule` was imported. Use Angular's built-in control flow @if or make sure that either the `NgIf` directive or the `CommonModule` is included in the `@Component.imports` array of this component. [plugin angular-compiler]

    src/app/global-notifications/global-notifications.component.html:1:34:
      1 │ <div class="notification-banner" *ngIf="notification">
        ╵                                   ~~~~

  Error occurs in the template of component GlobalNotificationsComponent.

    src/app/global-notifications/global-notifications.component.ts:6:15:
      6 │   templateUrl: './global-notifications.component.html',
        ╵                ~~~~~~~~~~~~~~~~~~~~~~~~~~~~~~~~~~~~~~~


▲ [WARNING] NG8103: The `*ngIf` directive was used in the template, but neither the `NgIf` directive nor the `CommonModule` was imported. Use Angular's built-in control flow @if or make sure that either the `NgIf` directive or the `CommonModule` is included in the `@Component.imports` array of this component. [plugin angular-compiler]

    src/app/global-notifications/global-notifications.component.html:4:27:
      4 │ <div class="error-banner" *ngIf="errorMessage">
        ╵                            ~~~~

  Error occurs in the template of component GlobalNotificationsComponent.

    src/app/global-notifications/global-notifications.component.ts:6:15:
      6 │   templateUrl: './global-notifications.component.html',
        ╵                ~~~~~~~~~~~~~~~~~~~~~~~~~~~~~~~~~~~~~~~


▲ [WARNING] NG8103: The `*ngIf` directive was used in the template, but neither the `NgIf` directive nor the `CommonModule` was imported. Use Angular's built-in control flow @if or make sure that either the `NgIf` directive or the `CommonModule` is included in the `@Component.imports` array of this component. [plugin angular-compiler]

    src/app/job-list/job-list.component.html:3:17:
      3 │   <ng-container *ngIf="jobs.length; else noJobs">
        ╵                  ~~~~

  Error occurs in the template of component JobListComponent.

    src/app/job-list/job-list.component.ts:6:15:
      6 │   templateUrl: './job-list.component.html',
        ╵                ~~~~~~~~~~~~~~~~~~~~~~~~~~~


▲ [WARNING] NG8103: The `*ngFor` directive was used in the template, but neither the `NgFor` directive nor the `CommonModule` was imported. Use Angular's built-in control flow @for or make sure that either the `NgFor` directive or the `CommonModule` is included in the `@Component.imports` array of this component. [plugin angular-compiler]

    src/app/job-list/job-list.component.html:4:27:
      4 │     <div class="job-card" *ngFor="let job of jobs">
        ╵                            ~~~~~

  Error occurs in the template of component JobListComponent.

    src/app/job-list/job-list.component.ts:6:15:
      6 │   templateUrl: './job-list.component.html',
        ╵                ~~~~~~~~~~~~~~~~~~~~~~~~~~~


▲ [WARNING] NG8103: The `*ngFor` directive was used in the template, but neither the `NgFor` directive nor the `CommonModule` was imported. Use Angular's built-in control flow @for or make sure that either the `NgFor` directive or the `CommonModule` is included in the `@Component.imports` array of this component. [plugin angular-compiler]

    src/app/recommended-skills/recommended-skills.component.html:4:24:
      4 │     <span class="chip" *ngFor="let skill of skills">
        ╵                         ~~~~~

  Error occurs in the template of component RecommendedSkillsComponent.

    src/app/recommended-skills/recommended-skills.component.ts:6:15:
      6 │   templateUrl: './recommended-skills.component.html',
        ╵                ~~~~~~~~~~~~~~~~~~~~~~~~~~~~~~~~~~~~~


✘ [ERROR] NG8001: 'jobmatchpro-main-container' is not a known element:
1. If 'jobmatchpro-main-container' is an Angular component, then verify that it is included in the '@Component.imports' of this component.
2. If 'jobmatchpro-main-container' is a Web Component then add 'CUSTOM_ELEMENTS_SCHEMA' to the '@Component.schemas' of this component to suppress this message. [plugin angular-compiler]

    src/app/app.component.html:336:0:
      336 │ <jobmatchpro-main-container></jobmatchpro-main-container>
          ╵ ~~~~~~~~~~~~~~~~~~~~~~~~~~~~

  Error occurs in the template of component AppComponent.

    src/app/app.component.ts:7:15:
      7 │   templateUrl: './app.component.html',
        ╵                ~~~~~~~~~~~~~~~~~~~~~~


❯ Changes detected. Rebuilding...
✔ Changes detected. Rebuilding...
Application bundle generation failed. [2.991 seconds]

▲ [WARNING] TS-998113: All imports are unused [plugin angular-compiler]

    src/app/app.component.ts:6:2:
      6 │   imports: [RouterOutlet],
        ╵   ~~~~~~~


▲ [WARNING] NG8103: The `*ngIf` directive was used in the template, but neither the `NgIf` directive nor the `CommonModule` was imported. Use Angular's built-in control flow @if or make sure that either the `NgIf` directive or the `CommonModule` is included in the `@Component.imports` array of this component. [plugin angular-compiler]

    src/app/global-notifications/global-notifications.component.html:1:34:
      1 │ <div class="notification-banner" *ngIf="notification">
        ╵                                   ~~~~

  Error occurs in the template of component GlobalNotificationsComponent.

    src/app/global-notifications/global-notifications.component.ts:6:15:
      6 │   templateUrl: './global-notifications.component.html',
        ╵                ~~~~~~~~~~~~~~~~~~~~~~~~~~~~~~~~~~~~~~~


▲ [WARNING] NG8103: The `*ngIf` directive was used in the template, but neither the `NgIf` directive nor the `CommonModule` was imported. Use Angular's built-in control flow @if or make sure that either the `NgIf` directive or the `CommonModule` is included in the `@Component.imports` array of this component. [plugin angular-compiler]

    src/app/global-notifications/global-notifications.component.html:4:27:
      4 │ <div class="error-banner" *ngIf="errorMessage">
        ╵                            ~~~~

  Error occurs in the template of component GlobalNotificationsComponent.

    src/app/global-notifications/global-notifications.component.ts:6:15:
      6 │   templateUrl: './global-notifications.component.html',
        ╵                ~~~~~~~~~~~~~~~~~~~~~~~~~~~~~~~~~~~~~~~


▲ [WARNING] NG8103: The `*ngIf` directive was used in the template, but neither the `NgIf` directive nor the `CommonModule` was imported. Use Angular's built-in control flow @if or make sure that either the `NgIf` directive or the `CommonModule` is included in the `@Component.imports` array of this component. [plugin angular-compiler]

    src/app/job-list/job-list.component.html:3:17:
      3 │   <ng-container *ngIf="jobs.length; else noJobs">
        ╵                  ~~~~

  Error occurs in the template of component JobListComponent.

    src/app/job-list/job-list.component.ts:6:15:
      6 │   templateUrl: './job-list.component.html',
        ╵                ~~~~~~~~~~~~~~~~~~~~~~~~~~~


▲ [WARNING] NG8103: The `*ngFor` directive was used in the template, but neither the `NgFor` directive nor the `CommonModule` was imported. Use Angular's built-in control flow @for or make sure that either the `NgFor` directive or the `CommonModule` is included in the `@Component.imports` array of this component. [plugin angular-compiler]

    src/app/job-list/job-list.component.html:4:27:
      4 │     <div class="job-card" *ngFor="let job of jobs">
        ╵                            ~~~~~

  Error occurs in the template of component JobListComponent.

    src/app/job-list/job-list.component.ts:6:15:
      6 │   templateUrl: './job-list.component.html',
        ╵                ~~~~~~~~~~~~~~~~~~~~~~~~~~~


▲ [WARNING] NG8103: The `*ngFor` directive was used in the template, but neither the `NgFor` directive nor the `CommonModule` was imported. Use Angular's built-in control flow @for or make sure that either the `NgFor` directive or the `CommonModule` is included in the `@Component.imports` array of this component. [plugin angular-compiler]

    src/app/recommended-skills/recommended-skills.component.html:4:24:
      4 │     <span class="chip" *ngFor="let skill of skills">
        ╵                         ~~~~~

  Error occurs in the template of component RecommendedSkillsComponent.

    src/app/recommended-skills/recommended-skills.component.ts:6:15:
      6 │   templateUrl: './recommended-skills.component.html',
        ╵                ~~~~~~~~~~~~~~~~~~~~~~~~~~~~~~~~~~~~~


✘ [ERROR] NG8001: 'jobmatchpro-main-container' is not a known element:
1. If 'jobmatchpro-main-container' is an Angular component, then verify that it is included in the '@Component.imports' of this component.
2. If 'jobmatchpro-main-container' is a Web Component then add 'CUSTOM_ELEMENTS_SCHEMA' to the '@Component.schemas' of this component to suppress this message. [plugin angular-compiler]

    src/app/app.component.html:336:0:
      336 │ <jobmatchpro-main-container></jobmatchpro-main-container>
          ╵ ~~~~~~~~~~~~~~~~~~~~~~~~~~~~

  Error occurs in the template of component AppComponent.

    src/app/app.component.ts:7:15:
      7 │   templateUrl: './app.component.html',
        ╵                ~~~~~~~~~~~~~~~~~~~~~~


❯ Changes detected. Rebuilding...
✔ Changes detected. Rebuilding...
Application bundle generation failed. [1.622 seconds]

▲ [WARNING] TS-998113: All imports are unused [plugin angular-compiler]

    src/app/app.component.ts:6:2:
      6 │   imports: [RouterOutlet],
        ╵   ~~~~~~~


▲ [WARNING] NG8103: The `*ngIf` directive was used in the template, but neither the `NgIf` directive nor the `CommonModule` was imported. Use Angular's built-in control flow @if or make sure that either the `NgIf` directive or the `CommonModule` is included in the `@Component.imports` array of this component. [plugin angular-compiler]

    src/app/global-notifications/global-notifications.component.html:1:34:
      1 │ <div class="notification-banner" *ngIf="notification">
        ╵                                   ~~~~

  Error occurs in the template of component GlobalNotificationsComponent.

    src/app/global-notifications/global-notifications.component.ts:6:15:
      6 │   templateUrl: './global-notifications.component.html',
        ╵                ~~~~~~~~~~~~~~~~~~~~~~~~~~~~~~~~~~~~~~~


▲ [WARNING] NG8103: The `*ngIf` directive was used in the template, but neither the `NgIf` directive nor the `CommonModule` was imported. Use Angular's built-in control flow @if or make sure that either the `NgIf` directive or the `CommonModule` is included in the `@Component.imports` array of this component. [plugin angular-compiler]

    src/app/global-notifications/global-notifications.component.html:4:27:
      4 │ <div class="error-banner" *ngIf="errorMessage">
        ╵                            ~~~~

  Error occurs in the template of component GlobalNotificationsComponent.

    src/app/global-notifications/global-notifications.component.ts:6:15:
      6 │   templateUrl: './global-notifications.component.html',
        ╵                ~~~~~~~~~~~~~~~~~~~~~~~~~~~~~~~~~~~~~~~


▲ [WARNING] NG8103: The `*ngIf` directive was used in the template, but neither the `NgIf` directive nor the `CommonModule` was imported. Use Angular's built-in control flow @if or make sure that either the `NgIf` directive or the `CommonModule` is included in the `@Component.imports` array of this component. [plugin angular-compiler]

    src/app/job-list/job-list.component.html:3:17:
      3 │   <ng-container *ngIf="jobs.length; else noJobs">
        ╵                  ~~~~

  Error occurs in the template of component JobListComponent.

    src/app/job-list/job-list.component.ts:6:15:
      6 │   templateUrl: './job-list.component.html',
        ╵                ~~~~~~~~~~~~~~~~~~~~~~~~~~~


▲ [WARNING] NG8103: The `*ngFor` directive was used in the template, but neither the `NgFor` directive nor the `CommonModule` was imported. Use Angular's built-in control flow @for or make sure that either the `NgFor` directive or the `CommonModule` is included in the `@Component.imports` array of this component. [plugin angular-compiler]

    src/app/job-list/job-list.component.html:4:27:
      4 │     <div class="job-card" *ngFor="let job of jobs">
        ╵                            ~~~~~

  Error occurs in the template of component JobListComponent.

    src/app/job-list/job-list.component.ts:6:15:
      6 │   templateUrl: './job-list.component.html',
        ╵                ~~~~~~~~~~~~~~~~~~~~~~~~~~~


▲ [WARNING] NG8103: The `*ngFor` directive was used in the template, but neither the `NgFor` directive nor the `CommonModule` was imported. Use Angular's built-in control flow @for or make sure that either the `NgFor` directive or the `CommonModule` is included in the `@Component.imports` array of this component. [plugin angular-compiler]

    src/app/recommended-skills/recommended-skills.component.html:4:24:
      4 │     <span class="chip" *ngFor="let skill of skills">
        ╵                         ~~~~~

  Error occurs in the template of component RecommendedSkillsComponent.

    src/app/recommended-skills/recommended-skills.component.ts:6:15:
      6 │   templateUrl: './recommended-skills.component.html',
        ╵                ~~~~~~~~~~~~~~~~~~~~~~~~~~~~~~~~~~~~~


✘ [ERROR] NG8001: 'jobmatchpro-main-container' is not a known element:
1. If 'jobmatchpro-main-container' is an Angular component, then verify that it is included in the '@Component.imports' of this component.
2. If 'jobmatchpro-main-container' is a Web Component then add 'CUSTOM_ELEMENTS_SCHEMA' to the '@Component.schemas' of this component to suppress this message. [plugin angular-compiler]

    src/app/app.component.html:336:0:
      336 │ <jobmatchpro-main-container></jobmatchpro-main-container>
          ╵ ~~~~~~~~~~~~~~~~~~~~~~~~~~~~

  Error occurs in the template of component AppComponent.

    src/app/app.component.ts:7:15:
      7 │   templateUrl: './app.component.html',
        ╵                ~~~~~~~~~~~~~~~~~~~~~~


❯ Changes detected. Rebuilding...
